// Jest Snapshot v1, https://goo.gl/fbAQLP

exports[`<Comments /> Renders Comments 1`] = `
ShallowWrapper {
  Symbol(enzyme.__root__): [Circular],
  Symbol(enzyme.__unrendered__): <Comments />,
  Symbol(enzyme.__renderer__): Object {
    "batchedUpdates": [Function],
    "getNode": [Function],
    "render": [Function],
    "simulateError": [Function],
    "simulateEvent": [Function],
    "unmount": [Function],
  },
  Symbol(enzyme.__node__): Object {
    "instance": null,
    "key": undefined,
    "nodeType": "host",
    "props": Object {
      "children": <div
        className="modal is-active"
        id="commentsModal"
      >
        <div
          className="modal-background"
        />
        <div
          className="modal-card"
        >
          <header
            className="modal-card-head modal-head"
          >
            <Link
              replace={false}
              to="/"
            >
              <i
                className="fas fa-arrow-left back"
              />
            </Link>
            <p
              className="modal-card-title"
            >
               Comments
            </p>
          </header>
          <section
            className="modal-card-body"
          />
          <footer
            className="modal-card-foot"
          >
            <input
              className="input"
              id="comment-input"
              onChange={[Function]}
              placeholder="The Movie Is So Cool"
            />
            <figure
              className="image is-48x48"
              id="send"
            >
              <img
                alt="profile"
                className="is-rounded"
                onClick={[Function]}
                src="https://encrypted-tbn0.gstatic.com/images?q=tbn:ANd9GcQ17BsdB-CGr94PrmM0YOgSJa5prx8wbqu-7cGTNbjAzzezn9osCQ"
              />
            </figure>
          </footer>
        </div>
      </div>,
      "className": "container",
    },
    "ref": null,
    "rendered": Object {
      "instance": null,
      "key": undefined,
      "nodeType": "host",
      "props": Object {
        "children": Array [
          <div
            className="modal-background"
          />,
          <div
            className="modal-card"
          >
            <header
              className="modal-card-head modal-head"
            >
              <Link
                replace={false}
                to="/"
              >
                <i
                  className="fas fa-arrow-left back"
                />
              </Link>
              <p
                className="modal-card-title"
              >
                 Comments
              </p>
            </header>
            <section
              className="modal-card-body"
            />
            <footer
              className="modal-card-foot"
            >
              <input
                className="input"
                id="comment-input"
                onChange={[Function]}
                placeholder="The Movie Is So Cool"
              />
              <figure
                className="image is-48x48"
                id="send"
              >
                <img
                  alt="profile"
                  className="is-rounded"
                  onClick={[Function]}
                  src="https://encrypted-tbn0.gstatic.com/images?q=tbn:ANd9GcQ17BsdB-CGr94PrmM0YOgSJa5prx8wbqu-7cGTNbjAzzezn9osCQ"
                />
              </figure>
            </footer>
          </div>,
        ],
        "className": "modal is-active",
        "id": "commentsModal",
      },
      "ref": null,
      "rendered": Array [
        Object {
          "instance": null,
          "key": undefined,
          "nodeType": "host",
          "props": Object {
            "className": "modal-background",
          },
          "ref": null,
          "rendered": null,
          "type": "div",
        },
        Object {
          "instance": null,
          "key": undefined,
          "nodeType": "host",
          "props": Object {
            "children": Array [
              <header
                className="modal-card-head modal-head"
              >
                <Link
                  replace={false}
                  to="/"
                >
                  <i
                    className="fas fa-arrow-left back"
                  />
                </Link>
                <p
                  className="modal-card-title"
                >
                   Comments
                </p>
              </header>,
              <section
                className="modal-card-body"
              />,
              <footer
                className="modal-card-foot"
              >
                <input
                  className="input"
                  id="comment-input"
                  onChange={[Function]}
                  placeholder="The Movie Is So Cool"
                />
                <figure
                  className="image is-48x48"
                  id="send"
                >
                  <img
                    alt="profile"
                    className="is-rounded"
                    onClick={[Function]}
                    src="https://encrypted-tbn0.gstatic.com/images?q=tbn:ANd9GcQ17BsdB-CGr94PrmM0YOgSJa5prx8wbqu-7cGTNbjAzzezn9osCQ"
                  />
                </figure>
              </footer>,
            ],
            "className": "modal-card",
          },
          "ref": null,
          "rendered": Array [
            Object {
              "instance": null,
              "key": undefined,
              "nodeType": "host",
              "props": Object {
                "children": Array [
                  <Link
                    replace={false}
                    to="/"
                  >
                    <i
                      className="fas fa-arrow-left back"
                    />
                  </Link>,
                  <p
                    className="modal-card-title"
                  >
                     Comments
                  </p>,
                ],
                "className": "modal-card-head modal-head",
              },
              "ref": null,
              "rendered": Array [
                Object {
                  "instance": null,
                  "key": undefined,
                  "nodeType": "class",
                  "props": Object {
                    "children": <i
                      className="fas fa-arrow-left back"
                    />,
                    "replace": false,
                    "to": "/",
                  },
                  "ref": null,
                  "rendered": Object {
                    "instance": null,
                    "key": undefined,
                    "nodeType": "host",
                    "props": Object {
                      "className": "fas fa-arrow-left back",
                    },
                    "ref": null,
                    "rendered": null,
                    "type": "i",
                  },
                  "type": [Function],
                },
                Object {
                  "instance": null,
                  "key": undefined,
                  "nodeType": "host",
                  "props": Object {
                    "children": Array [
                      undefined,
                      " Comments",
                    ],
                    "className": "modal-card-title",
                    "onClick": undefined,
                  },
                  "ref": null,
                  "rendered": Array [
                    undefined,
                    " Comments",
                  ],
                  "type": "p",
                },
              ],
              "type": "header",
            },
            Object {
              "instance": null,
              "key": undefined,
              "nodeType": "host",
              "props": Object {
                "children": Array [],
                "className": "modal-card-body",
              },
              "ref": null,
              "rendered": Array [],
              "type": "section",
            },
            Object {
              "instance": null,
              "key": undefined,
              "nodeType": "host",
              "props": Object {
                "children": Array [
                  <input
                    className="input"
                    id="comment-input"
                    onChange={[Function]}
                    placeholder="The Movie Is So Cool"
                  />,
                  <figure
                    className="image is-48x48"
                    id="send"
                  >
                    <img
                      alt="profile"
                      className="is-rounded"
                      onClick={[Function]}
                      src="https://encrypted-tbn0.gstatic.com/images?q=tbn:ANd9GcQ17BsdB-CGr94PrmM0YOgSJa5prx8wbqu-7cGTNbjAzzezn9osCQ"
                    />
                  </figure>,
                ],
                "className": "modal-card-foot",
              },
              "ref": null,
              "rendered": Array [
                Object {
                  "instance": null,
                  "key": undefined,
                  "nodeType": "host",
                  "props": Object {
                    "className": "input",
                    "id": "comment-input",
                    "onChange": [Function],
                    "placeholder": "The Movie Is So Cool",
                  },
                  "ref": null,
                  "rendered": null,
                  "type": "input",
                },
                Object {
                  "instance": null,
                  "key": undefined,
                  "nodeType": "host",
                  "props": Object {
                    "children": <img
                      alt="profile"
                      className="is-rounded"
                      onClick={[Function]}
                      src="https://encrypted-tbn0.gstatic.com/images?q=tbn:ANd9GcQ17BsdB-CGr94PrmM0YOgSJa5prx8wbqu-7cGTNbjAzzezn9osCQ"
                    />,
                    "className": "image is-48x48",
                    "id": "send",
                  },
                  "ref": null,
                  "rendered": Object {
                    "instance": null,
                    "key": undefined,
                    "nodeType": "host",
                    "props": Object {
                      "alt": "profile",
                      "className": "is-rounded",
                      "onClick": [Function],
                      "src": "https://encrypted-tbn0.gstatic.com/images?q=tbn:ANd9GcQ17BsdB-CGr94PrmM0YOgSJa5prx8wbqu-7cGTNbjAzzezn9osCQ",
                    },
                    "ref": null,
                    "rendered": null,
                    "type": "img",
                  },
                  "type": "figure",
                },
              ],
              "type": "footer",
            },
          ],
          "type": "div",
        },
      ],
      "type": "div",
    },
    "type": "div",
  },
  Symbol(enzyme.__nodes__): Array [
    Object {
      "instance": null,
      "key": undefined,
      "nodeType": "host",
      "props": Object {
        "children": <div
          className="modal is-active"
          id="commentsModal"
        >
          <div
            className="modal-background"
          />
          <div
            className="modal-card"
          >
            <header
              className="modal-card-head modal-head"
            >
              <Link
                replace={false}
                to="/"
              >
                <i
                  className="fas fa-arrow-left back"
                />
              </Link>
              <p
                className="modal-card-title"
              >
                 Comments
              </p>
            </header>
            <section
              className="modal-card-body"
            />
            <footer
              className="modal-card-foot"
            >
              <input
                className="input"
                id="comment-input"
                onChange={[Function]}
                placeholder="The Movie Is So Cool"
              />
              <figure
                className="image is-48x48"
                id="send"
              >
                <img
                  alt="profile"
                  className="is-rounded"
                  onClick={[Function]}
                  src="https://encrypted-tbn0.gstatic.com/images?q=tbn:ANd9GcQ17BsdB-CGr94PrmM0YOgSJa5prx8wbqu-7cGTNbjAzzezn9osCQ"
                />
              </figure>
            </footer>
          </div>
        </div>,
        "className": "container",
      },
      "ref": null,
      "rendered": Object {
        "instance": null,
        "key": undefined,
        "nodeType": "host",
        "props": Object {
          "children": Array [
            <div
              className="modal-background"
            />,
            <div
              className="modal-card"
            >
              <header
                className="modal-card-head modal-head"
              >
                <Link
                  replace={false}
                  to="/"
                >
                  <i
                    className="fas fa-arrow-left back"
                  />
                </Link>
                <p
                  className="modal-card-title"
                >
                   Comments
                </p>
              </header>
              <section
                className="modal-card-body"
              />
              <footer
                className="modal-card-foot"
              >
                <input
                  className="input"
                  id="comment-input"
                  onChange={[Function]}
                  placeholder="The Movie Is So Cool"
                />
                <figure
                  className="image is-48x48"
                  id="send"
                >
                  <img
                    alt="profile"
                    className="is-rounded"
                    onClick={[Function]}
                    src="https://encrypted-tbn0.gstatic.com/images?q=tbn:ANd9GcQ17BsdB-CGr94PrmM0YOgSJa5prx8wbqu-7cGTNbjAzzezn9osCQ"
                  />
                </figure>
              </footer>
            </div>,
          ],
          "className": "modal is-active",
          "id": "commentsModal",
        },
        "ref": null,
        "rendered": Array [
          Object {
            "instance": null,
            "key": undefined,
            "nodeType": "host",
            "props": Object {
              "className": "modal-background",
            },
            "ref": null,
            "rendered": null,
            "type": "div",
          },
          Object {
            "instance": null,
            "key": undefined,
            "nodeType": "host",
            "props": Object {
              "children": Array [
                <header
                  className="modal-card-head modal-head"
                >
                  <Link
                    replace={false}
                    to="/"
                  >
                    <i
                      className="fas fa-arrow-left back"
                    />
                  </Link>
                  <p
                    className="modal-card-title"
                  >
                     Comments
                  </p>
                </header>,
                <section
                  className="modal-card-body"
                />,
                <footer
                  className="modal-card-foot"
                >
                  <input
                    className="input"
                    id="comment-input"
                    onChange={[Function]}
                    placeholder="The Movie Is So Cool"
                  />
                  <figure
                    className="image is-48x48"
                    id="send"
                  >
                    <img
                      alt="profile"
                      className="is-rounded"
                      onClick={[Function]}
                      src="https://encrypted-tbn0.gstatic.com/images?q=tbn:ANd9GcQ17BsdB-CGr94PrmM0YOgSJa5prx8wbqu-7cGTNbjAzzezn9osCQ"
                    />
                  </figure>
                </footer>,
              ],
              "className": "modal-card",
            },
            "ref": null,
            "rendered": Array [
              Object {
                "instance": null,
                "key": undefined,
                "nodeType": "host",
                "props": Object {
                  "children": Array [
                    <Link
                      replace={false}
                      to="/"
                    >
                      <i
                        className="fas fa-arrow-left back"
                      />
                    </Link>,
                    <p
                      className="modal-card-title"
                    >
                       Comments
                    </p>,
                  ],
                  "className": "modal-card-head modal-head",
                },
                "ref": null,
                "rendered": Array [
                  Object {
                    "instance": null,
                    "key": undefined,
                    "nodeType": "class",
                    "props": Object {
                      "children": <i
                        className="fas fa-arrow-left back"
                      />,
                      "replace": false,
                      "to": "/",
                    },
                    "ref": null,
                    "rendered": Object {
                      "instance": null,
                      "key": undefined,
                      "nodeType": "host",
                      "props": Object {
                        "className": "fas fa-arrow-left back",
                      },
                      "ref": null,
                      "rendered": null,
                      "type": "i",
                    },
                    "type": [Function],
                  },
                  Object {
                    "instance": null,
                    "key": undefined,
                    "nodeType": "host",
                    "props": Object {
                      "children": Array [
                        undefined,
                        " Comments",
                      ],
                      "className": "modal-card-title",
                      "onClick": undefined,
                    },
                    "ref": null,
                    "rendered": Array [
                      undefined,
                      " Comments",
                    ],
                    "type": "p",
                  },
                ],
                "type": "header",
              },
              Object {
                "instance": null,
                "key": undefined,
                "nodeType": "host",
                "props": Object {
                  "children": Array [],
                  "className": "modal-card-body",
                },
                "ref": null,
                "rendered": Array [],
                "type": "section",
              },
              Object {
                "instance": null,
                "key": undefined,
                "nodeType": "host",
                "props": Object {
                  "children": Array [
                    <input
                      className="input"
                      id="comment-input"
                      onChange={[Function]}
                      placeholder="The Movie Is So Cool"
                    />,
                    <figure
                      className="image is-48x48"
                      id="send"
                    >
                      <img
                        alt="profile"
                        className="is-rounded"
                        onClick={[Function]}
                        src="https://encrypted-tbn0.gstatic.com/images?q=tbn:ANd9GcQ17BsdB-CGr94PrmM0YOgSJa5prx8wbqu-7cGTNbjAzzezn9osCQ"
                      />
                    </figure>,
                  ],
                  "className": "modal-card-foot",
                },
                "ref": null,
                "rendered": Array [
                  Object {
                    "instance": null,
                    "key": undefined,
                    "nodeType": "host",
                    "props": Object {
                      "className": "input",
                      "id": "comment-input",
                      "onChange": [Function],
                      "placeholder": "The Movie Is So Cool",
                    },
                    "ref": null,
                    "rendered": null,
                    "type": "input",
                  },
                  Object {
                    "instance": null,
                    "key": undefined,
                    "nodeType": "host",
                    "props": Object {
                      "children": <img
                        alt="profile"
                        className="is-rounded"
                        onClick={[Function]}
                        src="https://encrypted-tbn0.gstatic.com/images?q=tbn:ANd9GcQ17BsdB-CGr94PrmM0YOgSJa5prx8wbqu-7cGTNbjAzzezn9osCQ"
                      />,
                      "className": "image is-48x48",
                      "id": "send",
                    },
                    "ref": null,
                    "rendered": Object {
                      "instance": null,
                      "key": undefined,
                      "nodeType": "host",
                      "props": Object {
                        "alt": "profile",
                        "className": "is-rounded",
                        "onClick": [Function],
                        "src": "https://encrypted-tbn0.gstatic.com/images?q=tbn:ANd9GcQ17BsdB-CGr94PrmM0YOgSJa5prx8wbqu-7cGTNbjAzzezn9osCQ",
                      },
                      "ref": null,
                      "rendered": null,
                      "type": "img",
                    },
                    "type": "figure",
                  },
                ],
                "type": "footer",
              },
            ],
            "type": "div",
          },
        ],
        "type": "div",
      },
      "type": "div",
    },
  ],
  Symbol(enzyme.__options__): Object {
    "adapter": ReactSixteenAdapter {
      "options": Object {
        "enableComponentDidUpdateOnSetState": true,
        "lifecycles": Object {
          "componentDidUpdate": Object {
            "onSetState": true,
          },
          "getDerivedStateFromProps": true,
          "getSnapshotBeforeUpdate": true,
          "setState": Object {
            "skipsComponentDidUpdateOnNullish": true,
          },
        },
      },
    },
  },
}
`;
